// Jest Snapshot v1, https://goo.gl/fbAQLP

exports[`Filterable tableComponent can add a custom html class on the filter input 1`] = `

<div id="app">
  <div>
    <div class="table-component">
      <div class="table-component__filter">
        <input type="text"
               placeholder="Filter table…"
               class="table-component__filter__field my-filter-class"
        >
        <!---->
      </div>
      <div class="table-component__table-wrapper">
        <table class="table-component__table">
          <caption role="alert"
                   aria-live="polite"
                   class="table-component__table__caption"
          >
            Table sorted by lastName (descending)
          </caption>
          <thead class="table-component__table__head">
            <tr>
              <th role="columnheader"
                  scope="col"
                  aria-sort="none"
                  class="table-component__th table-component__th--sort"
              >
                First name
              </th>
            </tr>
          </thead>
          <tbody class="table-component__table__body">
            <tr>
              <td>
                John
              </td>
            </tr>
            <tr>
              <td>
                Paul
              </td>
            </tr>
            <tr>
              <td>
                George
              </td>
            </tr>
            <tr>
              <td>
                Ringo
              </td>
            </tr>
          </tbody>
          <tfoot>
          </tfoot>
        </table>
      </div>
      <!---->
      <div style="display: none;">
        <!---->
      </div>
      <!---->
    </div>
  </div>
</div>

`;

exports[`Filterable tableComponent can filter data 1`] = `

<div id="app">
  <div>
    <div class="table-component">
      <div class="table-component__filter">
        <input type="text"
               placeholder="Filter table…"
               class="table-component__filter__field"
        >
        <a class="table-component__filter__clear">
          ×
        </a>
      </div>
      <div class="table-component__table-wrapper">
        <table class="table-component__table">
          <caption role="alert"
                   aria-live="polite"
                   class="table-component__table__caption"
          >
            Table sorted by lastName (descending)
          </caption>
          <thead class="table-component__table__head">
            <tr>
              <th role="columnheader"
                  scope="col"
                  aria-sort="none"
                  class="table-component__th table-component__th--sort"
              >
                First name
              </th>
              <th role="columnheader"
                  scope="col"
                  aria-sort="descending"
                  class="table-component__th table-component__th--sort-desc"
              >
                Last name
              </th>
            </tr>
          </thead>
          <tbody class="table-component__table__body">
            <tr>
              <td>
                Paul
              </td>
              <td>
                McCartney
              </td>
            </tr>
          </tbody>
          <tfoot>
          </tfoot>
        </table>
      </div>
      <!---->
      <div style="display: none;">
        <!---->
        <!---->
      </div>
      <!---->
    </div>
  </div>
</div>

`;

exports[`Filterable tableComponent can filter on another property 1`] = `

<div id="app">
  <div>
    <div class="table-component">
      <div class="table-component__filter">
        <input type="text"
               placeholder="Filter table…"
               class="table-component__filter__field"
        >
        <a class="table-component__filter__clear">
          ×
        </a>
      </div>
      <div class="table-component__table-wrapper">
        <table class="table-component__table">
          <caption role="alert"
                   aria-live="polite"
                   class="table-component__table__caption"
          >
            Table sorted by lastName (descending)
          </caption>
          <thead class="table-component__table__head">
            <tr>
              <th role="columnheader"
                  scope="col"
                  aria-sort="none"
                  class="table-component__th table-component__th--sort"
              >
                First name
              </th>
            </tr>
          </thead>
          <tbody class="table-component__table__body">
            <tr>
              <td>
                Paul
              </td>
            </tr>
          </tbody>
          <tfoot>
          </tfoot>
        </table>
      </div>
      <!---->
      <div style="display: none;">
        <!---->
      </div>
      <!---->
    </div>
  </div>
</div>

`;

exports[`Filterable tableComponent hides the filter when no columns are filterable 1`] = `

<div id="app">
  <div>
    <div class="table-component">
      <!---->
      <div class="table-component__table-wrapper">
        <table class="table-component__table">
          <caption role="alert"
                   aria-live="polite"
                   class="table-component__table__caption"
          >
            Table sorted by lastName (descending)
          </caption>
          <thead class="table-component__table__head">
            <tr>
              <th role="columnheader"
                  scope="col"
                  aria-sort="none"
                  class="table-component__th table-component__th--sort"
              >
                First name
              </th>
            </tr>
          </thead>
          <tbody class="table-component__table__body">
            <tr>
              <td>
                John
              </td>
            </tr>
            <tr>
              <td>
                Paul
              </td>
            </tr>
            <tr>
              <td>
                George
              </td>
            </tr>
            <tr>
              <td>
                Ringo
              </td>
            </tr>
          </tbody>
          <tfoot>
          </tfoot>
        </table>
      </div>
      <!---->
      <div style="display: none;">
        <!---->
      </div>
      <!---->
    </div>
  </div>
</div>

`;

exports[`Filterable tableComponent will display a message if there are no matching rows 1`] = `

<div id="app">
  <div>
    <div class="table-component">
      <div class="table-component__filter">
        <input type="text"
               placeholder="Filter table…"
               class="table-component__filter__field"
        >
        <a class="table-component__filter__clear">
          ×
        </a>
      </div>
      <div class="table-component__table-wrapper">
        <table class="table-component__table">
          <caption role="alert"
                   aria-live="polite"
                   class="table-component__table__caption"
          >
            Table sorted by lastName (descending)
          </caption>
          <thead class="table-component__table__head">
            <tr>
              <th role="columnheader"
                  scope="col"
                  aria-sort="none"
                  class="table-component__th table-component__th--sort"
              >
                First name
              </th>
              <th role="columnheader"
                  scope="col"
                  aria-sort="descending"
                  class="table-component__th table-component__th--sort-desc"
              >
                Last name
              </th>
            </tr>
          </thead>
          <tbody class="table-component__table__body">
          </tbody>
          <tfoot>
          </tfoot>
        </table>
      </div>
      <div class="table-component__message">
        There are no matching rows
      </div>
      <div style="display: none;">
        <!---->
        <!---->
      </div>
      <!---->
    </div>
  </div>
</div>

`;

exports[`Filterable tableComponent will filter data in a case-insensitive way 1`] = `

<div id="app">
  <div>
    <div class="table-component">
      <div class="table-component__filter">
        <input type="text"
               placeholder="Filter table…"
               class="table-component__filter__field"
        >
        <a class="table-component__filter__clear">
          ×
        </a>
      </div>
      <div class="table-component__table-wrapper">
        <table class="table-component__table">
          <caption role="alert"
                   aria-live="polite"
                   class="table-component__table__caption"
          >
            Table sorted by lastName (descending)
          </caption>
          <thead class="table-component__table__head">
            <tr>
              <th role="columnheader"
                  scope="col"
                  aria-sort="none"
                  class="table-component__th table-component__th--sort"
              >
                First name
              </th>
              <th role="columnheader"
                  scope="col"
                  aria-sort="descending"
                  class="table-component__th table-component__th--sort-desc"
              >
                Last name
              </th>
            </tr>
          </thead>
          <tbody class="table-component__table__body">
            <tr>
              <td>
                Paul
              </td>
              <td>
                McCartney
              </td>
            </tr>
          </tbody>
          <tfoot>
          </tfoot>
        </table>
      </div>
      <!---->
      <div style="display: none;">
        <!---->
        <!---->
      </div>
      <!---->
    </div>
  </div>
</div>

`;

exports[`Filterable tableComponent will not use columns that are not filterable 1`] = `

<div id="app">
  <div>
    <div class="table-component">
      <div class="table-component__filter">
        <input type="text"
               placeholder="Filter table…"
               class="table-component__filter__field"
        >
        <a class="table-component__filter__clear">
          ×
        </a>
      </div>
      <div class="table-component__table-wrapper">
        <table class="table-component__table">
          <caption role="alert"
                   aria-live="polite"
                   class="table-component__table__caption"
          >
            Table sorted by lastName (descending)
          </caption>
          <thead class="table-component__table__head">
            <tr>
              <th role="columnheader"
                  scope="col"
                  aria-sort="none"
                  class="table-component__th table-component__th--sort"
              >
                First name
              </th>
              <th role="columnheader"
                  scope="col"
                  aria-sort="descending"
                  class="table-component__th table-component__th--sort-desc"
              >
                Last name
              </th>
            </tr>
          </thead>
          <tbody class="table-component__table__body">
          </tbody>
          <tfoot>
          </tfoot>
        </table>
      </div>
      <div class="table-component__message">
        There are no matching rows
      </div>
      <div style="display: none;">
        <!---->
        <!---->
      </div>
      <!---->
    </div>
  </div>
</div>

`;
